// Jest Snapshot v1, https://goo.gl/fbAQLP

exports[`renders the signup component 1`] = `
<div
  className=" signup-container"
>
  <form
    className="centered-form"
    onSubmit={[Function]}
  >
    <h3
      className="text-center "
    >
      title
    </h3>
    <div
      className="form-group"
    >
      <input
        className="form-control"
        id="email"
        name="email"
        onChange={[Function]}
        placeholder="Email"
        type="email"
      />
    </div>
    <div
      className="form-group"
    >
      <input
        className="form-control"
        id="password"
        name="password"
        onChange={[Function]}
        placeholder="Password"
        type="password"
      />
    </div>
    <button
      className="btn btn-primary"
      onClick={[Function]}
      type="submit"
    >
      Submit
    </button>
  </form>
</div>
`;
