// Jest Snapshot v1, https://goo.gl/fbAQLP

exports[`renders the Questions component 1`] = `
<div
  className="container"
>
  <div
    className="text-section"
  >
    <div>
      <h4 />
      <hr />
      <div />
      <div />
    </div>
  </div>
  <hr />
</div>
`;
